Analyzing file test-files/checked_add.rs
Function foo():
Terminal block bb4: let _4 = _1 in
let _5 = CheckedAdd(_4, const 5_u32) in
let _3 = move (_5.0: u32) in
let _2 = Lt(move _3, const 3_u32) in
let _0 = if move _2 != Int(0) then const 1_u32 else const 2_u32 in
_0
